­ƒöº Configura├º├úo:
   BASE_URL: https://api.whatsmiau.dev
   INSTANCE: bruno-online
   API_KEY: 895f1ebb...

­ƒôï 1. Listando inst├óncias...
   Ô£à Status: 200
   ­ƒôª Data: null

­ƒöî 2. Verificando status da conex├úo...
   ÔØî Erro: 404
   ­ƒôª Data: "Cannot GET /evolution/instance/connectionState/bruno-online"

­ƒôñ 3. Enviando mensagem de teste para 5517991983701...
   ÔØî Erro: 500
   ­ƒôª Data: {
  "error": "instance not found or not owned by user"
}

­ƒÅü Teste finalizado!
